[lambotoken.io/index.html]
[backblue.gif]
[fade.gif]
[index.html]
[lambotoken.io/images/Lambo.png]
[lambotoken.io/js/jquery-2.2.4.min.js]
[lambotoken.io/js/bootstrap.min.js]
[lambotoken.io/js/jquery.easing.min.js]
[lambotoken.io/js/validator.min.js]
[lambotoken.io/js/swiper.min.js]
[lambotoken.io/js/jquery.magnific-popup.js]
[lambotoken.io/js/jquery.countdown.min.js]
[lambotoken.io/js/scripts.js]
[lambotoken.io/index.html]
[lambotoken.io/fonts/glyphicons-halflings-regular.10.delayed]
[lambotoken.io/fonts/glyphicons-halflings-regular.11d41d.delayed]
[lambotoken.io/fonts/glyphicons-halflings-regular.12.delayed]
[lambotoken.io/fonts/glyphicons-halflings-regular.13.delayed]
[lambotoken.io/fonts/glyphicons-halflings-regular.14.delayed]
[lambotoken.io/fonts/glyphicons-halflings-regular.15.delayed]
[lambotoken.io/css/bootstrap.css]
[lambotoken.io/fonts/themify9f24.eot]
[lambotoken.io/fonts/themifyd41d.eot]
[lambotoken.io/fonts/themify9f24.woff]
[lambotoken.io/fonts/themify9f24.ttf]
[lambotoken.io/css/themify-icons.css]
[lambotoken.io/css/swiper.css]
[lambotoken.io/css/magnific-popup.css]
[lambotoken.io/fonts/et-line.eot]
[lambotoken.io/fonts/et-line.woff]
[lambotoken.io/fonts/et-line.ttf]
[lambotoken.io/fonts/et-lined41d.eot]
[lambotoken.io/css/icon-font.css]
[lambotoken.io/images/preloader-gears.gif]
[lambotoken.io/images/lambo.jpg]
[lambotoken.io/css/styles.css]
[lambotoken.io/images/up-arrow.png]
[lambotoken.io/images/Lambo.svg]
[lambotoken.io/fonts/glyphicons-halflings-regular.html]
[lambotoken.io/fonts/glyphicons-halflings-regulard41d.html]
[lambotoken.io/fonts/glyphicons-halflings-regular-2.html]
[lambotoken.io/fonts/glyphicons-halflings-regular-3.html]
[lambotoken.io/fonts/glyphicons-halflings-regular-4.html]
[lambotoken.io/fonts/glyphicons-halflings-regular-5.html]
[lambotoken.io/fonts/themify9f24.svg]
[lambotoken.io/fonts/et-line.svg]
